<html>
<body>
<pre>
<h1>µVision Build Log</h1>
<h2>Project:</h2>
D:\Yero\Uni\5toCiclo\SistemasDigitales\CarRacing\plantilla.uvproj
Project File Date:  06/22/2022

<h2>Output:</h2>
Rebuild target 'Target 1'
assembling startup.s...
compiling Programa1.c...
DAC.h(33): warning:  #1-D: last line of file ends without a newline
  /*************************************************************************************/
Timer.h(14): warning:  #1-D: last line of file ends without a newline
  /*************************************************************************************/
Uart.h(70): warning:  #1-D: last line of file ends without a newline
  }
LogicGame.h(9): warning:  #68-D: integer conversion resulted in a change of sign
  const uint8_t selector_x[] = {-10, 4, 29, 53, 4, 29};
LogicGame.h(10): warning:  #68-D: integer conversion resulted in a change of sign
  const uint8_t selector_y[] = {-10, 30, 30, 30, 47, 47};
LogicGame.h(365): warning:  #550-D: variable "a" was set but never used
        int a;
Programa1.c(167): warning:  #177-D: variable "d" was declared but never referenced
        int d;
Programa1.c(210): warning:  #550-D: variable "a" was set but never used
        int a;
Programa1.c: 8 warnings, 0 errors
compiling Nokia5110.c...
linking...
Program Size: Code=6648 RO-data=4316 RW-data=224 ZI-data=1864  
".\plantilla.axf" - 0 Error(s), 8 Warning(s).
